// Vitest Snapshot v1, https://vitest.dev/guide/snapshot.html

exports[`ErrorMessage 1`] = `
<div>
  <div
    class="m-2 text-danger"
  >
    <div
      class="alert alert-danger d-flex align-items-center gap-3"
    >
      <i
        class="bi bi-exclamation-triangle fs-3"
      />
      <div
        class="flex-grow-1"
        title="Test"
      >
        <div>
          Error: 
          Test
        </div>
      </div>
    </div>
  </div>
</div>
`;
